Traceback (most recent call last):
  File "/Applications/Xcode.app/Contents/Developer/Library/Frameworks/Python3.framework/Versions/3.9/lib/python3.9/runpy.py", line 197, in _run_module_as_main
    return _run_code(code, main_globals, None,
  File "/Applications/Xcode.app/Contents/Developer/Library/Frameworks/Python3.framework/Versions/3.9/lib/python3.9/runpy.py", line 87, in _run_code
    exec(code, run_globals)
  File "/Users/devgandhi/Desktop/expense-AI/expense-AI/backend/.venv/lib/python3.9/site-packages/uvicorn/__main__.py", line 4, in <module>
    uvicorn.main()
  File "/Users/devgandhi/Desktop/expense-AI/expense-AI/backend/.venv/lib/python3.9/site-packages/click/core.py", line 1161, in __call__
    return self.main(*args, **kwargs)
  File "/Users/devgandhi/Desktop/expense-AI/expense-AI/backend/.venv/lib/python3.9/site-packages/click/core.py", line 1082, in main
    rv = self.invoke(ctx)
  File "/Users/devgandhi/Desktop/expense-AI/expense-AI/backend/.venv/lib/python3.9/site-packages/click/core.py", line 1443, in invoke
    return ctx.invoke(self.callback, **ctx.params)
  File "/Users/devgandhi/Desktop/expense-AI/expense-AI/backend/.venv/lib/python3.9/site-packages/click/core.py", line 788, in invoke
    return __callback(*args, **kwargs)
  File "/Users/devgandhi/Desktop/expense-AI/expense-AI/backend/.venv/lib/python3.9/site-packages/uvicorn/main.py", line 410, in main
    run(
  File "/Users/devgandhi/Desktop/expense-AI/expense-AI/backend/.venv/lib/python3.9/site-packages/uvicorn/main.py", line 578, in run
    server.run()
  File "/Users/devgandhi/Desktop/expense-AI/expense-AI/backend/.venv/lib/python3.9/site-packages/uvicorn/server.py", line 61, in run
    return asyncio.run(self.serve(sockets=sockets))
  File "/Applications/Xcode.app/Contents/Developer/Library/Frameworks/Python3.framework/Versions/3.9/lib/python3.9/asyncio/runners.py", line 44, in run
    return loop.run_until_complete(main)
  File "uvloop/loop.pyx", line 1518, in uvloop.loop.Loop.run_until_complete
  File "/Users/devgandhi/Desktop/expense-AI/expense-AI/backend/.venv/lib/python3.9/site-packages/uvicorn/server.py", line 68, in serve
    config.load()
  File "/Users/devgandhi/Desktop/expense-AI/expense-AI/backend/.venv/lib/python3.9/site-packages/uvicorn/config.py", line 473, in load
    self.loaded_app = import_from_string(self.app)
  File "/Users/devgandhi/Desktop/expense-AI/expense-AI/backend/.venv/lib/python3.9/site-packages/uvicorn/importer.py", line 21, in import_from_string
    module = importlib.import_module(module_str)
  File "/Applications/Xcode.app/Contents/Developer/Library/Frameworks/Python3.framework/Versions/3.9/lib/python3.9/importlib/__init__.py", line 127, in import_module
    return _bootstrap._gcd_import(name[level:], package, level)
  File "<frozen importlib._bootstrap>", line 1030, in _gcd_import
  File "<frozen importlib._bootstrap>", line 1007, in _find_and_load
  File "<frozen importlib._bootstrap>", line 986, in _find_and_load_unlocked
  File "<frozen importlib._bootstrap>", line 680, in _load_unlocked
  File "<frozen importlib._bootstrap_external>", line 850, in exec_module
  File "<frozen importlib._bootstrap>", line 228, in _call_with_frames_removed
  File "/Users/devgandhi/Desktop/expense-AI/expense-AI/backend/app/main.py", line 5, in <module>
    from . import ocr
  File "/Users/devgandhi/Desktop/expense-AI/expense-AI/backend/app/ocr.py", line 8, in <module>
    _textract = boto3.client('textract')
  File "/Users/devgandhi/Desktop/expense-AI/expense-AI/backend/.venv/lib/python3.9/site-packages/boto3/__init__.py", line 92, in client
    return _get_default_session().client(*args, **kwargs)
  File "/Users/devgandhi/Desktop/expense-AI/expense-AI/backend/.venv/lib/python3.9/site-packages/boto3/session.py", line 299, in client
    return self._session.create_client(
  File "/Users/devgandhi/Desktop/expense-AI/expense-AI/backend/.venv/lib/python3.9/site-packages/botocore/session.py", line 997, in create_client
    client = client_creator.create_client(
  File "/Users/devgandhi/Desktop/expense-AI/expense-AI/backend/.venv/lib/python3.9/site-packages/botocore/client.py", line 159, in create_client
    client_args = self._get_client_args(
  File "/Users/devgandhi/Desktop/expense-AI/expense-AI/backend/.venv/lib/python3.9/site-packages/botocore/client.py", line 490, in _get_client_args
    return args_creator.get_client_args(
  File "/Users/devgandhi/Desktop/expense-AI/expense-AI/backend/.venv/lib/python3.9/site-packages/botocore/args.py", line 100, in get_client_args
    final_args = self.compute_client_args(
  File "/Users/devgandhi/Desktop/expense-AI/expense-AI/backend/.venv/lib/python3.9/site-packages/botocore/args.py", line 219, in compute_client_args
    endpoint_config = self._compute_endpoint_config(
  File "/Users/devgandhi/Desktop/expense-AI/expense-AI/backend/.venv/lib/python3.9/site-packages/botocore/args.py", line 369, in _compute_endpoint_config
    return self._resolve_endpoint(**resolve_endpoint_kwargs)
  File "/Users/devgandhi/Desktop/expense-AI/expense-AI/backend/.venv/lib/python3.9/site-packages/botocore/args.py", line 474, in _resolve_endpoint
    return endpoint_bridge.resolve(
  File "/Users/devgandhi/Desktop/expense-AI/expense-AI/backend/.venv/lib/python3.9/site-packages/botocore/client.py", line 595, in resolve
    resolved = self.endpoint_resolver.construct_endpoint(
  File "/Users/devgandhi/Desktop/expense-AI/expense-AI/backend/.venv/lib/python3.9/site-packages/botocore/regions.py", line 229, in construct_endpoint
    result = self._endpoint_for_partition(
  File "/Users/devgandhi/Desktop/expense-AI/expense-AI/backend/.venv/lib/python3.9/site-packages/botocore/regions.py", line 277, in _endpoint_for_partition
    raise NoRegionError()
botocore.exceptions.NoRegionError: You must specify a region.
